// Jest Snapshot v1, https://goo.gl/fbAQLP

exports[`ThemeProvier should match snapshot 1`] = `
Object {
  "breakpoints": Array [
    "768px",
    "960px",
    "1280px",
  ],
  "palette": undefined,
  "space": Array [
    0,
    8,
    12,
    16,
    24,
    32,
    48,
    64,
  ],
  "variable": [Function],
  "variables": undefined,
}
`;
